// Jest Snapshot v1, https://goo.gl/fbAQLP

exports[`Unit test for the ResourceCard component Should match snapshot - should render resource card. 1`] = `
<div>
  <div
    class="Toastify"
  />
  <div
    class="cursor-pointer hover:rounded-lg hover:shadow-lg border-3 border-transparent hover:border-dial-sunshine"
    data-testid="resource-card"
  >
    <div
      class="bg-white shadow-lg rounded-lg h-full"
    >
      <div
        class="flex flex-col"
      >
        <a
          href="/resources/example_resource"
        >
          <div
            class="flex text-dial-sapphire bg-dial-solitude rounded-t-lg h-20"
          >
            <div
              class="px-4 text-sm text-center font-semibold m-auto"
            >
              Example Resource
            </div>
          </div>
          <div
            class="my-8 mx-auto"
          >
            <div
              class="w-16 h-24 relative opacity-60 mx-auto"
            >
              <img
                alt="Logo for: Example Resource"
                class="object-contain"
                data-nimg="fill"
                decoding="async"
                loading="lazy"
                sizes="100vw"
                src="/_next/image?url=http%3A%2F%2Flocalhost%3A3000%2Fnull&w=3840&q=75"
                srcset="/_next/image?url=http%3A%2F%2Flocalhost%3A3000%2Fnull&w=640&q=75 640w, /_next/image?url=http%3A%2F%2Flocalhost%3A3000%2Fnull&w=750&q=75 750w, /_next/image?url=http%3A%2F%2Flocalhost%3A3000%2Fnull&w=828&q=75 828w, /_next/image?url=http%3A%2F%2Flocalhost%3A3000%2Fnull&w=1080&q=75 1080w, /_next/image?url=http%3A%2F%2Flocalhost%3A3000%2Fnull&w=1200&q=75 1200w, /_next/image?url=http%3A%2F%2Flocalhost%3A3000%2Fnull&w=1920&q=75 1920w, /_next/image?url=http%3A%2F%2Flocalhost%3A3000%2Fnull&w=2048&q=75 2048w, /_next/image?url=http%3A%2F%2Flocalhost%3A3000%2Fnull&w=3840&q=75 3840w"
                style="position: absolute; height: 100%; width: 100%; left: 0px; top: 0px; right: 0px; bottom: 0px; color: transparent;"
              />
            </div>
          </div>
        </a>
        <div
          class="bg-dial-solitude flex flex-col h-36 rounded-b-md"
        >
          <div
            class="px-3 py-3 text-sm line-clamp-4"
          >
            <div
              class="line-clamp-4"
            >
              Some description
            </div>
          </div>
          <div
            class="bg-dial-sunshine opacity-60 hover:opacity-100 text-white mt-auto text-sm rounded-b-md"
          >
            <a
              class="flex flex-row justify-center"
              href="//some-random-url"
              rel="noreferrer"
              target="_blank"
            >
              <div
                class="py-3 flex gap-2"
              >
                Visit Resource
                <svg
                  class="my-auto"
                  fill="currentColor"
                  height="1em"
                  stroke="currentColor"
                  stroke-width="0"
                  viewBox="0 0 512 512"
                  width="1em"
                  xmlns="http://www.w3.org/2000/svg"
                >
                  <path
                    d="M432,320H400a16,16,0,0,0-16,16V448H64V128H208a16,16,0,0,0,16-16V80a16,16,0,0,0-16-16H48A48,48,0,0,0,0,112V464a48,48,0,0,0,48,48H400a48,48,0,0,0,48-48V336A16,16,0,0,0,432,320ZM488,0h-128c-21.37,0-32.05,25.91-17,41l35.73,35.73L135,320.37a24,24,0,0,0,0,34L157.67,377a24,24,0,0,0,34,0L435.28,133.32,471,169c15,15,41,4.5,41-17V24A24,24,0,0,0,488,0Z"
                  />
                </svg>
              </div>
            </a>
          </div>
        </div>
      </div>
    </div>
  </div>
</div>
`;
