// Jest Snapshot v1, https://goo.gl/fbAQLP

exports[`Unit test for the Header component. Should match snapshot. 1`] = `
<div
  class="
  origin-top-right absolute right-0 mt-2 w-56 rounded-md shadow-lg bg-white
  ring-1 ring-black ring-opacity-5 focus:outline-none z-30
"
  data-testid="menu-admin-items"
  role="menu"
>
  <a
    class="
  block px-4 py-2 text-base text-gray-700 hover:bg-gray-100 hover:text-gray-900
"
    href="/users"
    role="menuitem"
  >
    Users
  </a>
  <hr
    class="mx-4 border border-gray-200"
  />
  <a
    class="
  block px-4 py-2 text-base text-gray-700 hover:bg-gray-100 hover:text-gray-900
"
    href="/countries"
    role="menuitem"
  >
    Countries
  </a>
  <a
    class="
  block px-4 py-2 text-base text-gray-700 hover:bg-gray-100 hover:text-gray-900
"
    href="/sectors"
    role="menuitem"
  >
    Sectors
  </a>
  <a
    class="
  block px-4 py-2 text-base text-gray-700 hover:bg-gray-100 hover:text-gray-900
"
    href="/tags"
    role="menuitem"
  >
    Tags
  </a>
  <hr
    class="mx-4 border border-gray-200"
  />
  <a
    class="
  block px-4 py-2 text-base text-gray-700 hover:bg-gray-100 hover:text-gray-900
"
    href="/candidate/datasets"
    role="menuitem"
  >
    Candidate Open Data
  </a>
  <a
    class="
  block px-4 py-2 text-base text-gray-700 hover:bg-gray-100 hover:text-gray-900
"
    href="/candidate/organizations"
    role="menuitem"
  >
    Candidate Organizations
  </a>
  <a
    class="
  block px-4 py-2 text-base text-gray-700 hover:bg-gray-100 hover:text-gray-900
"
    href="/candidate/products"
    role="menuitem"
  >
    Candidate Products
  </a>
  <a
    class="
  block px-4 py-2 text-base text-gray-700 hover:bg-gray-100 hover:text-gray-900
"
    href="/candidate/roles"
    role="menuitem"
  >
    Candidate Roles
  </a>
  <hr
    class="mx-4 border border-gray-200"
  />
  <a
    class="
  block px-4 py-2 text-base text-gray-700 hover:bg-gray-100 hover:text-gray-900
"
    href="/rubric_categories"
    role="menuitem"
  >
    Rubric Categories
  </a>
  <hr
    class="mx-4 border border-gray-200"
  />
  <a
    class="
  block px-4 py-2 text-base text-gray-700 hover:bg-gray-100 hover:text-gray-900
"
    href="/spreadsheets/datasets"
    role="menuitem"
  >
    Dataset Spreadsheet
  </a>
  <a
    class="
  block px-4 py-2 text-base text-gray-700 hover:bg-gray-100 hover:text-gray-900
"
    href="/spreadsheets/products"
    role="menuitem"
  >
    Product Spreadsheet
  </a>
</div>
`;
