// Jest Snapshot v1, https://goo.gl/fbAQLP

exports[`Unit tests for CategoryIndicatorForm component. Should render CategoryIndicatorForm component for admin user. 1`] = `
<div>
  <div
    class="Toastify"
  />
  <div
    class="flex flex-col"
  >
    <div
      class="hidden lg:block px-8"
    >
      <div
        class="bg-white pb-3 lg:py-4 whitespace-nowrap text-ellipsis overflow-hidden"
      >
        <a
          class="inline text-dial-blue h5"
          href="/"
        >
          Home
        </a>
        <div
          class="inline h5"
        >
           &gt; 
          <a
            class="text-dial-gray-dark"
            href="/"
          />
        </div>
      </div>
    </div>
    <div
      class="pb-8 px-8"
    >
      <div
        class="sm:px-0 max-w-full mx-auto"
        id="content"
      >
        <form>
          <div
            class="bg-edit shadow-md rounded px-8 pt-6 pb-12 mb-4 flex flex-col gap-3"
          >
            <div
              class="text-2xl font-bold text-dial-blue pb-4"
            >
              Create New Category Indicator
            </div>
            <div
              class="flex flex-col lg:flex-row gap-4"
            >
              <div
                class="w-full lg:w-1/2 flex flex-col gap-y-3"
              >
                <div
                  class="form-field-wrapper"
                  data-testid="category-indicator-name"
                >
                  <label
                    class="form-field-label required-field"
                    for="name"
                  >
                    Name
                  </label>
                  <input
                    class="w-full"
                    id="name"
                    name="name"
                    placeholder="Name"
                    type="text"
                    value=""
                  />
                </div>
                <div
                  class="form-field-wrapper"
                  data-testid="category-indicator-indicator-type"
                >
                  <label
                    class="form-field-label required-field"
                  >
                    Indicator type
                  </label>
                  <div
                    class=" css-l45kjq-container"
                  >
                    <span
                      class="css-1f43avz-a11yText-A11yText"
                      id="react-select-:r0:-live-region"
                    />
                    <span
                      aria-atomic="false"
                      aria-live="polite"
                      aria-relevant="additions text"
                      class="css-1f43avz-a11yText-A11yText"
                    />
                    <div
                      class="react-select__control css-qv4grc-control"
                    >
                      <div
                        class="react-select__value-container css-17t7gkf-ValueContainer"
                      >
                        <div
                          class="react-select__placeholder css-5rjclb-placeholder"
                          id="react-select-:r0:-placeholder"
                        >
                          Indicator type
                        </div>
                        <div
                          class="react-select__input-container css-qbdosj-Input"
                          data-value=""
                        >
                          <input
                            aria-autocomplete="list"
                            aria-describedby="react-select-:r0:-placeholder"
                            aria-expanded="false"
                            aria-haspopup="true"
                            autocapitalize="none"
                            autocomplete="off"
                            autocorrect="off"
                            class="react-select__input"
                            id="react-select-id-indicatorType"
                            role="combobox"
                            spellcheck="false"
                            style="opacity: 1; width: 100%; grid-area: 1 / 2; min-width: 2px; border: 0px; margin: 0px; outline: 0; padding: 0px;"
                            tabindex="0"
                            type="text"
                            value=""
                          />
                        </div>
                      </div>
                      <div
                        class="react-select__indicators css-1hb7zxy-IndicatorsContainer"
                      >
                        <span
                          class="react-select__indicator-separator css-nyxz9h-indicatorSeparator"
                        />
                        <div
                          aria-hidden="true"
                          class="react-select__indicator react-select__dropdown-indicator css-2hgo35-indicatorContainer"
                        >
                          <svg
                            aria-hidden="true"
                            class="text-2xl"
                            fill="none"
                            height="1em"
                            stroke="currentColor"
                            stroke-width="2"
                            viewBox="0 0 24 24"
                            width="1em"
                            xmlns="http://www.w3.org/2000/svg"
                          >
                            <path
                              d="M21 21l-6-6m2-5a7 7 0 11-14 0 7 7 0 0114 0z"
                              stroke-linecap="round"
                              stroke-linejoin="round"
                            />
                          </svg>
                        </div>
                      </div>
                    </div>
                  </div>
                </div>
                <div
                  class="form-field-wrapper"
                  data-testid="category-indicator-weight"
                >
                  <label
                    class="form-field-label required-field"
                    for="weight"
                  >
                    Weight
                  </label>
                  <input
                    class="w-full"
                    id="weight"
                    name="weight"
                    placeholder="Weight"
                    step="0.001"
                    type="number"
                    value=""
                  />
                </div>
                <div
                  class="form-field-wrapper"
                >
                  <label
                    class="form-field-label"
                  >
                    Data source
                  </label>
                  <input
                    class="w-full"
                    name="dataSource"
                    placeholder="Data source"
                    type="text"
                    value=""
                  />
                </div>
                <div
                  class="form-field-wrapper"
                >
                  <label
                    class="form-field-label"
                  >
                    Script name
                  </label>
                  <input
                    class="w-full"
                    name="scriptName"
                    placeholder="Script name"
                    type="text"
                    value=""
                  />
                </div>
              </div>
              <div
                class="w-full lg:w-1/2"
              >
                <div
                  class="flex flex-col gap-y-2"
                  data-testid="category-indicator-description"
                >
                  <label
                    class="form-field-label required-field"
                  >
                    Description
                  </label>
                  <div
                    class="relative"
                  >
                    <svg
                      class="absolute text-lg inset-x-1/2 top-10 spinner"
                      fill="currentColor"
                      height="2em"
                      stroke="currentColor"
                      stroke-width="0"
                      viewBox="0 0 512 512"
                      width="2em"
                      xmlns="http://www.w3.org/2000/svg"
                    >
                      <path
                        d="M304 48c0 26.51-21.49 48-48 48s-48-21.49-48-48 21.49-48 48-48 48 21.49 48 48zm-48 368c-26.51 0-48 21.49-48 48s21.49 48 48 48 48-21.49 48-48-21.49-48-48-48zm208-208c-26.51 0-48 21.49-48 48s21.49 48 48 48 48-21.49 48-48-21.49-48-48-48zM96 256c0-26.51-21.49-48-48-48S0 229.49 0 256s21.49 48 48 48 48-21.49 48-48zm12.922 99.078c-26.51 0-48 21.49-48 48s21.49 48 48 48 48-21.49 48-48c0-26.509-21.491-48-48-48zm294.156 0c-26.51 0-48 21.49-48 48s21.49 48 48 48 48-21.49 48-48c0-26.509-21.49-48-48-48zM108.922 60.922c-26.51 0-48 21.49-48 48s21.49 48 48 48 48-21.49 48-48-21.491-48-48-48z"
                      />
                    </svg>
                    <div
                      class="html-editor"
                    >
                      <textarea
                        id="description-editor"
                        style="visibility: hidden;"
                      />
                    </div>
                  </div>
                </div>
              </div>
            </div>
            <div
              class="flex flex-wrap text-xl mt-8 gap-3"
            >
              <button
                class="submit-button"
                data-testid="submit-button"
                type="submit"
              >
                Submit Category Indicator
              </button>
              <button
                class="cancel-button"
                type="button"
              >
                Cancel
              </button>
            </div>
          </div>
        </form>
      </div>
    </div>
  </div>
</div>
`;
