// Jest Snapshot v1, https://goo.gl/fbAQLP

exports[`Unit tests for the ProductDetailPlaybooks component. Should match snapshot 1`] = `
<div>
  <div
    class="Toastify"
  />
  <div
    class="mt-12"
    data-testid="editable-section"
  >
    <div
      class="flex justify-between items-center mb-3"
    >
      <div
        class="card-title text-dial-sapphire"
      >
        Playbooks
      </div>
      <div
        class="gap-3"
      />
    </div>
    <div
      class="grid grid-cols-1"
    >
      <a
        href="/playbooks/playbook_1"
        target="_blank"
      >
        <div
          class="cursor-pointer hover:rounded-lg hover:shadow-lg border-3 border-transparent hover:border-dial-sunshine"
        >
          <div
            class="bg-white border border-dial-gray shadow-lg rounded-md"
          >
            <div
              class="relative flex flex-row gap-x-2 lg:gap-x-4 px-4 py-6"
            >
              <div
                class="w-10/12 lg:w-6/12 flex gap-3 text-dial-gray-dark my-auto"
              >
                <div
                  class="block w-8 relative"
                >
                  <span
                    style="box-sizing: border-box; display: block; overflow: hidden; background: none; opacity: 1; border: 0px; margin: 0px; padding: 0px; position: absolute; top: 0px; left: 0px; bottom: 0px; right: 0px;"
                  >
                    <img
                      alt="Logo for: Playbook 1"
                      data-nimg="fill"
                      data-tip="Playbook: Playbook 1"
                      decoding="async"
                      src="data:image/gif;base64,R0lGODlhAQABAIAAAAAAAP///yH5BAEAAAAALAAAAAABAAEAAAIBRAA7"
                      style="position: absolute; top: 0px; left: 0px; bottom: 0px; right: 0px; box-sizing: border-box; padding: 0px; margin: auto; display: block; width: 0px; height: 0px; min-width: 100%; max-width: 100%; min-height: 100%; max-height: 100%; object-fit: scale-down; object-position: left;"
                    />
                    <noscript />
                  </span>
                </div>
                <div
                  class="ml-2 mt-0.5 w-full h-3/5 font-semibold line-clamp-1"
                >
                  Playbook 1
                </div>
              </div>
              <div
                class="flex gap-1.5 text-sm lg:ml-auto"
              >
                <div
                  class="flex flex-row"
                  data-testid="horizontal-items-list"
                >
                  <div
                    class="flex flex-row flex-wrap overflow-hidden max-h-8 gap-1"
                  >
                    <div
                      class="bg-dial-alice-blue p-2 rounded"
                      data-testid="items-not-applicable"
                    >
                      N/A
                    </div>
                  </div>
                </div>
              </div>
            </div>
          </div>
        </div>
      </a>
      <a
        href="/playbooks/playbook_2"
        target="_blank"
      >
        <div
          class="cursor-pointer hover:rounded-lg hover:shadow-lg border-3 border-transparent hover:border-dial-sunshine"
        >
          <div
            class="bg-white border border-dial-gray shadow-lg rounded-md"
          >
            <div
              class="relative flex flex-row gap-x-2 lg:gap-x-4 px-4 py-6"
            >
              <div
                class="w-10/12 lg:w-6/12 flex gap-3 text-dial-gray-dark my-auto"
              >
                <div
                  class="block w-8 relative"
                >
                  <span
                    style="box-sizing: border-box; display: block; overflow: hidden; background: none; opacity: 1; border: 0px; margin: 0px; padding: 0px; position: absolute; top: 0px; left: 0px; bottom: 0px; right: 0px;"
                  >
                    <img
                      alt="Logo for: Playbook 2"
                      data-nimg="fill"
                      data-tip="Playbook: Playbook 2"
                      decoding="async"
                      src="data:image/gif;base64,R0lGODlhAQABAIAAAAAAAP///yH5BAEAAAAALAAAAAABAAEAAAIBRAA7"
                      style="position: absolute; top: 0px; left: 0px; bottom: 0px; right: 0px; box-sizing: border-box; padding: 0px; margin: auto; display: block; width: 0px; height: 0px; min-width: 100%; max-width: 100%; min-height: 100%; max-height: 100%; object-fit: scale-down; object-position: left;"
                    />
                    <noscript />
                  </span>
                </div>
                <div
                  class="ml-2 mt-0.5 w-full h-3/5 font-semibold line-clamp-1"
                >
                  Playbook 2
                </div>
              </div>
              <div
                class="flex gap-1.5 text-sm lg:ml-auto"
              >
                <div
                  class="flex flex-row"
                  data-testid="horizontal-items-list"
                >
                  <div
                    class="flex flex-row flex-wrap overflow-hidden max-h-8 gap-1"
                  >
                    <div
                      class="bg-dial-alice-blue p-2 rounded"
                      data-testid="items-not-applicable"
                    >
                      N/A
                    </div>
                  </div>
                </div>
              </div>
            </div>
          </div>
        </div>
      </a>
    </div>
  </div>
</div>
`;
